// Jest Snapshot v1, https://goo.gl/fbAQLP

exports[`Movie Details - Reviews should render correctly with data 1`] = `
<div
  className="flex flex-wrap justify-center mt-5"
>
  <div
    className="mt-10 md:mt-0 w-full md:w-1/3 bg-white rounded text-center p-3 m-5"
    key="0"
  >
    <p
      className="text-center font-bold mt-4"
      id="review-author"
    >
      Ash Catchem
    </p>
    <p
      className="text-sm"
      id="review-content"
    >
      This is the review
    </p>
    <a
      className="mt-2 cursor-pointer hover:underline text-wrap font-semibold hover:font-bold text-tmd-green"
      href="www.urlreview.com"
      target="_blank"
    >
      Read More
    </a>
  </div>
</div>
`;

exports[`Movie Details - Reviews should render correctly without data 1`] = `
<div
  className="text-center font-bold text-xl"
  id="no-review"
>
  No Review Data
</div>
`;
