// Jest Snapshot v1, https://goo.gl/fbAQLP

exports[`Search Bar Component should render correctly 1`] = `
<Input
  onChange={[Function]}
  placeholder="Enter movie title..."
  value=""
/>
`;
